// Jest Snapshot v1, https://goo.gl/fbAQLP

exports[`CategoryArticleExpanded Component should match snapshot with props 1`] = `<styled.div />`;
