// Jest Snapshot v1, https://goo.gl/fbAQLP

exports[`Routes component should match snapshot 1`] = `
<Switch>
  <Layout>
    <Route>
      <Switch>
        <Route
          component={[Function]}
          exact={true}
          path="/calc"
        />
      </Switch>
    </Route>
  </Layout>
</Switch>
`;
